{
  "query" : {
    "bool" : {
      "must" : {
        "bool" : {
          "must" : [ {
            "wildcard" : {
              "firstname" : "A*"
            }
          }, {
            "range" : {
              "age" : {
                "from" : 20,
                "to" : null,
                "include_lower" : false,
                "include_upper" : true
              }
            }
          } ]
        }
      }
    }
  }
}